Reusing configuration cache.
> Task :shared:preBuild UP-TO-DATE
> Task :shared:metadataCommonMainProcessResources NO-SOURCE
> Task :shared:preDebugBuild UP-TO-DATE
> Task :shared:prepareLintJarForPublish UP-TO-DATE
> Task :shared:generateCommonMainDailyQuotesDbInterface UP-TO-DATE
> Task :shared:checkKotlinGradlePluginConfigurationErrors
> Task :shared:metadataAppleMainProcessResources NO-SOURCE
> Task :shared:metadataNativeMainProcessResources NO-SOURCE
> Task :shared:javaPreCompileDebug UP-TO-DATE
> Task :shared:preReleaseBuild UP-TO-DATE
> Task :shared:generateDebugResValues UP-TO-DATE
> Task :shared:generateDebugResources UP-TO-DATE
> Task :shared:prepareDebugArtProfile UP-TO-DATE
> Task :shared:extractDeepLinksForAarDebug UP-TO-DATE
> Task :shared:mergeDebugJniLibFolders UP-TO-DATE
> Task :shared:mergeDebugShaders UP-TO-DATE
> Task :shared:mergeReleaseJniLibFolders UP-TO-DATE
> Task :shared:writeDebugAarMetadata UP-TO-DATE
> Task :shared:generateProjectStructureMetadata UP-TO-DATE
> Task :shared:mergeDebugNativeLibs NO-SOURCE
> Task :shared:mergeReleaseNativeLibs NO-SOURCE
> Task :shared:generateReleaseResValues UP-TO-DATE
> Task :shared:compileDebugShaders NO-SOURCE
> Task :shared:generateDebugAssets UP-TO-DATE
> Task :shared:transformCommonMainDependenciesMetadata UP-TO-DATE
> Task :shared:processDebugManifest UP-TO-DATE
> Task :shared:javaPreCompileRelease UP-TO-DATE
> Task :shared:packageDebugAssets UP-TO-DATE
> Task :shared:stripReleaseDebugSymbols NO-SOURCE
> Task :shared:prepareReleaseArtProfile UP-TO-DATE
> Task :shared:packageDebugResources UP-TO-DATE
> Task :shared:writeReleaseAarMetadata UP-TO-DATE
> Task :shared:extractDeepLinksForAarRelease UP-TO-DATE
> Task :shared:generateReleaseResources UP-TO-DATE
> Task :shared:copyReleaseJniLibsProjectAndLocalJars UP-TO-DATE
> Task :shared:processReleaseManifest UP-TO-DATE
> Task :shared:stripDebugDebugSymbols NO-SOURCE
> Task :shared:copyDebugJniLibsProjectAndLocalJars UP-TO-DATE
> Task :shared:mapReleaseSourceSetPaths UP-TO-DATE
> Task :shared:parseDebugLocalResources UP-TO-DATE
> Task :shared:generateDebugRFile UP-TO-DATE
> Task :shared:mergeReleaseShaders UP-TO-DATE
> Task :shared:packageReleaseResources UP-TO-DATE
> Task :shared:compileReleaseShaders NO-SOURCE
> Task :shared:generateReleaseAssets UP-TO-DATE
> Task :shared:parseReleaseLocalResources UP-TO-DATE
> Task :shared:transformNativeMainDependenciesMetadata UP-TO-DATE
> Task :shared:packageReleaseAssets UP-TO-DATE
> Task :shared:metadataIosMainProcessResources NO-SOURCE
> Task :shared:mergeReleaseResources UP-TO-DATE
> Task :shared:verifyReleaseResources UP-TO-DATE
> Task :shared:generateReleaseRFile UP-TO-DATE
> Task :shared:transformAppleMainDependenciesMetadata UP-TO-DATE
> Task :shared:transformIosMainDependenciesMetadata UP-TO-DATE
> Task :commonizeNativeDistribution UP-TO-DATE
> Task :xcodeVersion FAILED

> Task :shared:compileKotlinIosArm64 FAILED
e: Compilation failed: An error occurred during an xcrun execution. Make sure that Xcode and its command line tools are properly installed.
Failed command: /usr/bin/xcrun xcodebuild -version
Try running this command in Terminal and fix the errors by making Xcode (and its command line tools) configuration correct.

 * Source files: DailyQuotesDb.kt, DailyQuotesDbQueries.kt, Reflection.kt, ReflectionTag.kt, Tag.kt, DailyQuotesDbImpl.kt, DatabaseDriverFactory.kt, Koin.kt, Models.kt, NotificationManager.kt, QuoteRepository.kt, ReflectionRepository.kt, ShareManager.kt, DatabaseDriverFactory.ios.kt, Koin.ios.kt, NotificationManager.ios.kt, ShareManager.ios.kt
 * Compiler version: 1.9.22
 * Output kind: LIBRARY

e: org.jetbrains.kotlin.konan.MissingXcodeException: An error occurred during an xcrun execution. Make sure that Xcode and its command line tools are properly installed.
Failed command: /usr/bin/xcrun xcodebuild -version
Try running this command in Terminal and fix the errors by making Xcode (and its command line tools) configuration correct.
	at org.jetbrains.kotlin.konan.target.CurrentXcode.xcrun(Xcode.kt:141)
	at org.jetbrains.kotlin.konan.target.CurrentXcode.getXcodebuildVersion$kotlin_native_utils(Xcode.kt:114)
	at org.jetbrains.kotlin.konan.target.CurrentXcode$version$2.invoke(Xcode.kt:126)
	at org.jetbrains.kotlin.konan.target.CurrentXcode$version$2.invoke(Xcode.kt:122)
	at kotlin.SynchronizedLazyImpl.getValue(LazyJVM.kt:74)
	at org.jetbrains.kotlin.konan.target.CurrentXcode.getVersion(Xcode.kt:122)
	at org.jetbrains.kotlin.konan.target.AppleConfigurablesImpl$xcodePartsProvider$2.invoke(Apple.kt:61)
	at org.jetbrains.kotlin.konan.target.AppleConfigurablesImpl$xcodePartsProvider$2.invoke(Apple.kt:53)
	at kotlin.SynchronizedLazyImpl.getValue(LazyJVM.kt:74)
	at org.jetbrains.kotlin.konan.target.AppleConfigurablesImpl.getXcodePartsProvider(Apple.kt:53)
	at org.jetbrains.kotlin.konan.target.AppleConfigurablesImpl.getDependencies(Apple.kt:48)
	at org.jetbrains.kotlin.konan.util.DependencyProcessor.<init>(DependencyProcessor.kt:125)
	at org.jetbrains.kotlin.konan.util.DependencyProcessor.<init>(DependencyProcessor.kt:117)
	at org.jetbrains.kotlin.konan.properties.KonanPropertiesLoader$dependencyProcessor$2.invoke(KonanProperties.kt:93)
	at org.jetbrains.kotlin.konan.properties.KonanPropertiesLoader$dependencyProcessor$2.invoke(KonanProperties.kt:91)
	at kotlin.SynchronizedLazyImpl.getValue(LazyJVM.kt:74)
	at org.jetbrains.kotlin.konan.properties.KonanPropertiesLoader.getDependencyProcessor(KonanProperties.kt:91)
	at org.jetbrains.kotlin.konan.properties.KonanPropertiesLoader.downloadDependencies(KonanProperties.kt:72)
	at org.jetbrains.kotlin.konan.target.Platform.downloadDependencies(Platform.kt)
	at org.jetbrains.kotlin.backend.konan.KonanConfig.<init>(KonanConfig.kt:217)
	at org.jetbrains.kotlin.backend.konan.KonanDriver.run(KonanDriver.kt:90)
	at org.jetbrains.kotlin.cli.bc.K2Native.runKonanDriver(K2Native.kt:151)
	at org.jetbrains.kotlin.cli.bc.K2Native.doExecute(K2Native.kt:69)
	at org.jetbrains.kotlin.cli.bc.K2Native.doExecute(K2Native.kt:36)
	at org.jetbrains.kotlin.cli.common.CLICompiler.execImpl(CLICompiler.kt:104)
	at org.jetbrains.kotlin.cli.common.CLICompiler.execImpl(CLICompiler.kt:48)
	at org.jetbrains.kotlin.cli.common.CLITool.exec(CLITool.kt:101)
	at org.jetbrains.kotlin.cli.common.CLITool.exec(CLITool.kt:79)
	at org.jetbrains.kotlin.cli.common.CLITool.exec(CLITool.kt:43)
	at org.jetbrains.kotlin.cli.common.CLITool$Companion.doMainNoExit(CLITool.kt:180)
	at org.jetbrains.kotlin.cli.bc.K2Native$Companion$mainNoExitWithRenderer$1.invoke(K2Native.kt:188)
	at org.jetbrains.kotlin.cli.bc.K2Native$Companion$mainNoExitWithRenderer$1.invoke(K2Native.kt:187)
	at org.jetbrains.kotlin.util.UtilKt.profileIf(Util.kt:22)
	at org.jetbrains.kotlin.util.UtilKt.profile(Util.kt:16)
	at org.jetbrains.kotlin.cli.bc.K2Native$Companion.mainNoExitWithRenderer(K2Native.kt:187)
	at org.jetbrains.kotlin.cli.bc.K2NativeKt.mainNoExitWithGradleRenderer(K2Native.kt:205)
	at org.jetbrains.kotlin.cli.utilities.MainKt$daemonMain$1.invoke(main.kt:51)
	at org.jetbrains.kotlin.cli.utilities.MainKt$daemonMain$1.invoke(main.kt:51)
	at org.jetbrains.kotlin.cli.utilities.MainKt.mainImpl(main.kt:20)
	at org.jetbrains.kotlin.cli.utilities.MainKt.inProcessMain(main.kt:58)
	at org.jetbrains.kotlin.cli.utilities.MainKt.daemonMain(main.kt:51)
	at java.base/jdk.internal.reflect.DirectMethodHandleAccessor.invoke(DirectMethodHandleAccessor.java:103)
	at java.base/java.lang.reflect.Method.invoke(Method.java:580)
	at org.jetbrains.kotlin.compilerRunner.KotlinToolRunner.runInProcess(KotlinToolRunner.kt:198)
	at org.jetbrains.kotlin.compilerRunner.KotlinToolRunner.run(KotlinToolRunner.kt:135)
	at org.jetbrains.kotlin.compilerRunner.KotlinNativeToolRunner.run(nativeToolRunners.kt:146)
	at org.jetbrains.kotlin.gradle.tasks.KotlinNativeCompile$compile$1.invoke(KotlinNativeTasks.kt:546)
	at org.jetbrains.kotlin.gradle.tasks.KotlinNativeCompile$compile$1.invoke(KotlinNativeTasks.kt:529)
	at org.jetbrains.kotlin.compilerRunner.ReportUtilsKt.addBuildMetricsForTaskAction(reportUtils.kt:276)
	at org.jetbrains.kotlin.gradle.tasks.KotlinNativeCompile.compile(KotlinNativeTasks.kt:529)
	at java.base/jdk.internal.reflect.DirectMethodHandleAccessor.invoke(DirectMethodHandleAccessor.java:103)
	at java.base/java.lang.reflect.Method.invoke(Method.java:580)
	at org.gradle.internal.reflect.JavaMethod.invoke(JavaMethod.java:125)
	at org.gradle.api.internal.project.taskfactory.StandardTaskAction.doExecute(StandardTaskAction.java:58)
	at org.gradle.api.internal.project.taskfactory.StandardTaskAction.execute(StandardTaskAction.java:51)
	at org.gradle.api.internal.project.taskfactory.StandardTaskAction.execute(StandardTaskAction.java:29)
	at org.gradle.api.internal.tasks.execution.TaskExecution$3.run(TaskExecution.java:244)
	at org.gradle.internal.operations.DefaultBuildOperationRunner$1.execute(DefaultBuildOperationRunner.java:29)
	at org.gradle.internal.operations.DefaultBuildOperationRunner$1.execute(DefaultBuildOperationRunner.java:26)
	at org.gradle.internal.operations.DefaultBuildOperationRunner$2.execute(DefaultBuildOperationRunner.java:66)
	at org.gradle.internal.operations.DefaultBuildOperationRunner$2.execute(DefaultBuildOperationRunner.java:59)
	at org.gradle.internal.operations.DefaultBuildOperationRunner.execute(DefaultBuildOperationRunner.java:166)
	at org.gradle.internal.operations.DefaultBuildOperationRunner.execute(DefaultBuildOperationRunner.java:59)
	at org.gradle.internal.operations.DefaultBuildOperationRunner.run(DefaultBuildOperationRunner.java:47)
	at org.gradle.api.internal.tasks.execution.TaskExecution.executeAction(TaskExecution.java:229)
	at org.gradle.api.internal.tasks.execution.TaskExecution.executeActions(TaskExecution.java:212)
	at org.gradle.api.internal.tasks.execution.TaskExecution.executeWithPreviousOutputFiles(TaskExecution.java:195)
	at org.gradle.api.internal.tasks.execution.TaskExecution.execute(TaskExecution.java:162)
	at org.gradle.internal.execution.steps.ExecuteStep.executeInternal(ExecuteStep.java:105)
	at org.gradle.internal.execution.steps.ExecuteStep.access$000(ExecuteStep.java:44)
	at org.gradle.internal.execution.steps.ExecuteStep$1.call(ExecuteStep.java:59)
	at org.gradle.internal.execution.steps.ExecuteStep$1.call(ExecuteStep.java:56)
	at org.gradle.internal.operations.DefaultBuildOperationRunner$CallableBuildOperationWorker.execute(DefaultBuildOperationRunner.java:209)
	at org.gradle.internal.operations.DefaultBuildOperationRunner$CallableBuildOperationWorker.execute(DefaultBuildOperationRunner.java:204)
	at org.gradle.internal.operations.DefaultBuildOperationRunner$2.execute(DefaultBuildOperationRunner.java:66)
	at org.gradle.internal.operations.DefaultBuildOperationRunner$2.execute(DefaultBuildOperationRunner.java:59)
	at org.gradle.internal.operations.DefaultBuildOperationRunner.execute(DefaultBuildOperationRunner.java:166)
	at org.gradle.internal.operations.DefaultBuildOperationRunner.execute(DefaultBuildOperationRunner.java:59)
	at org.gradle.internal.operations.DefaultBuildOperationRunner.call(DefaultBuildOperationRunner.java:53)
	at org.gradle.internal.execution.steps.ExecuteStep.execute(ExecuteStep.java:56)
	at org.gradle.internal.execution.steps.ExecuteStep.execute(ExecuteStep.java:44)
	at org.gradle.internal.execution.steps.CancelExecutionStep.execute(CancelExecutionStep.java:42)
	at org.gradle.internal.execution.steps.TimeoutStep.executeWithoutTimeout(TimeoutStep.java:75)
	at org.gradle.internal.execution.steps.TimeoutStep.execute(TimeoutStep.java:55)
	at org.gradle.internal.execution.steps.PreCreateOutputParentsStep.execute(PreCreateOutputParentsStep.java:50)
	at org.gradle.internal.execution.steps.PreCreateOutputParentsStep.execute(PreCreateOutputParentsStep.java:28)
	at org.gradle.internal.execution.steps.RemovePreviousOutputsStep.execute(RemovePreviousOutputsStep.java:67)
	at org.gradle.internal.execution.steps.RemovePreviousOutputsStep.execute(RemovePreviousOutputsStep.java:37)
	at org.gradle.internal.execution.steps.BroadcastChangingOutputsStep.execute(BroadcastChangingOutputsStep.java:61)
	at org.gradle.internal.execution.steps.BroadcastChangingOutputsStep.execute(BroadcastChangingOutputsStep.java:26)
	at org.gradle.internal.execution.steps.CaptureOutputsAfterExecutionStep.execute(CaptureOutputsAfterExecutionStep.java:69)
	at org.gradle.internal.execution.steps.CaptureOutputsAfterExecutionStep.execute(CaptureOutputsAfterExecutionStep.java:46)
	at org.gradle.internal.execution.steps.ResolveInputChangesStep.execute(ResolveInputChangesStep.java:40)
	at org.gradle.internal.execution.steps.ResolveInputChangesStep.execute(ResolveInputChangesStep.java:29)
	at org.gradle.internal.execution.steps.BuildCacheStep.executeWithoutCache(BuildCacheStep.java:189)
	at org.gradle.internal.execution.steps.BuildCacheStep.lambda$execute$1(BuildCacheStep.java:75)
	at org.gradle.internal.Either$Right.fold(Either.java:175)
	at org.gradle.internal.execution.caching.CachingState.fold(CachingState.java:62)
	at org.gradle.internal.execution.steps.BuildCacheStep.execute(BuildCacheStep.java:73)
	at org.gradle.internal.execution.steps.BuildCacheStep.execute(BuildCacheStep.java:48)
	at org.gradle.internal.execution.steps.StoreExecutionStateStep.execute(StoreExecutionStateStep.java:46)
	at org.gradle.internal.execution.steps.StoreExecutionStateStep.execute(StoreExecutionStateStep.java:35)
	at org.gradle.internal.execution.steps.SkipUpToDateStep.executeBecause(SkipUpToDateStep.java:75)
	at org.gradle.internal.execution.steps.SkipUpToDateStep.lambda$execute$2(SkipUpToDateStep.java:53)
	at java.base/java.util.Optional.orElseGet(Optional.java:364)
	at org.gradle.internal.execution.steps.SkipUpToDateStep.execute(SkipUpToDateStep.java:53)
	at org.gradle.internal.execution.steps.SkipUpToDateStep.execute(SkipUpToDateStep.java:35)
	at org.gradle.internal.execution.steps.legacy.MarkSnapshottingInputsFinishedStep.execute(MarkSnapshottingInputsFinishedStep.java:37)
	at org.gradle.internal.execution.steps.legacy.MarkSnapshottingInputsFinishedStep.execute(MarkSnapshottingInputsFinishedStep.java:27)
	at org.gradle.internal.execution.steps.ResolveIncrementalCachingStateStep.executeDelegate(ResolveIncrementalCachingStateStep.java:49)
	at org.gradle.internal.execution.steps.ResolveIncrementalCachingStateStep.executeDelegate(ResolveIncrementalCachingStateStep.java:27)
	at org.gradle.internal.execution.steps.AbstractResolveCachingStateStep.execute(AbstractResolveCachingStateStep.java:71)
	at org.gradle.internal.execution.steps.AbstractResolveCachingStateStep.execute(AbstractResolveCachingStateStep.java:39)
	at org.gradle.internal.execution.steps.ResolveChangesStep.execute(ResolveChangesStep.java:65)
	at org.gradle.internal.execution.steps.ResolveChangesStep.execute(ResolveChangesStep.java:36)
	at org.gradle.internal.execution.steps.ValidateStep.execute(ValidateStep.java:107)
	at org.gradle.internal.execution.steps.ValidateStep.execute(ValidateStep.java:56)
	at org.gradle.internal.execution.steps.AbstractCaptureStateBeforeExecutionStep.execute(AbstractCaptureStateBeforeExecutionStep.java:64)
	at org.gradle.internal.execution.steps.AbstractCaptureStateBeforeExecutionStep.execute(AbstractCaptureStateBeforeExecutionStep.java:43)
	at org.gradle.internal.execution.steps.AbstractSkipEmptyWorkStep.executeWithNonEmptySources(AbstractSkipEmptyWorkStep.java:125)
	at org.gradle.internal.execution.steps.AbstractSkipEmptyWorkStep.execute(AbstractSkipEmptyWorkStep.java:61)
	at org.gradle.internal.execution.steps.AbstractSkipEmptyWorkStep.execute(AbstractSkipEmptyWorkStep.java:36)
	at org.gradle.internal.execution.steps.legacy.MarkSnapshottingInputsStartedStep.execute(MarkSnapshottingInputsStartedStep.java:38)
	at org.gradle.internal.execution.steps.LoadPreviousExecutionStateStep.execute(LoadPreviousExecutionStateStep.java:36)
	at org.gradle.internal.execution.steps.LoadPreviousExecutionStateStep.execute(LoadPreviousExecutionStateStep.java:23)
	at org.gradle.internal.execution.steps.HandleStaleOutputsStep.execute(HandleStaleOutputsStep.java:75)
	at org.gradle.internal.execution.steps.HandleStaleOutputsStep.execute(HandleStaleOutputsStep.java:41)
	at org.gradle.internal.execution.steps.AssignMutableWorkspaceStep.lambda$execute$0(AssignMutableWorkspaceStep.java:35)
	at org.gradle.api.internal.tasks.execution.TaskExecution$4.withWorkspace(TaskExecution.java:289)
	at org.gradle.internal.execution.steps.AssignMutableWorkspaceStep.execute(AssignMutableWorkspaceStep.java:31)
	at org.gradle.internal.execution.steps.AssignMutableWorkspaceStep.execute(AssignMutableWorkspaceStep.java:22)
	at org.gradle.internal.execution.steps.ChoosePipelineStep.execute(ChoosePipelineStep.java:40)
	at org.gradle.internal.execution.steps.ChoosePipelineStep.execute(ChoosePipelineStep.java:23)
	at org.gradle.internal.execution.steps.ExecuteWorkBuildOperationFiringStep.lambda$execute$2(ExecuteWorkBuildOperationFiringStep.java:67)
	at java.base/java.util.Optional.orElseGet(Optional.java:364)
	at org.gradle.internal.execution.steps.ExecuteWorkBuildOperationFiringStep.execute(ExecuteWorkBuildOperationFiringStep.java:67)
	at org.gradle.internal.execution.steps.ExecuteWorkBuildOperationFiringStep.execute(ExecuteWorkBuildOperationFiringStep.java:39)
	at org.gradle.internal.execution.steps.IdentityCacheStep.execute(IdentityCacheStep.java:46)
	at org.gradle.internal.execution.steps.IdentityCacheStep.execute(IdentityCacheStep.java:34)
	at org.gradle.internal.execution.steps.IdentifyStep.execute(IdentifyStep.java:48)
	at org.gradle.internal.execution.steps.IdentifyStep.execute(IdentifyStep.java:35)
	at org.gradle.internal.execution.impl.DefaultExecutionEngine$1.execute(DefaultExecutionEngine.java:61)
	at org.gradle.api.internal.tasks.execution.ExecuteActionsTaskExecuter.executeIfValid(ExecuteActionsTaskExecuter.java:127)
	at org.gradle.api.internal.tasks.execution.ExecuteActionsTaskExecuter.execute(ExecuteActionsTaskExecuter.java:116)
	at org.gradle.api.internal.tasks.execution.ProblemsTaskPathTrackingTaskExecuter.execute(ProblemsTaskPathTrackingTaskExecuter.java:40)
	at org.gradle.api.internal.tasks.execution.FinalizePropertiesTaskExecuter.execute(FinalizePropertiesTaskExecuter.java:46)
	at org.gradle.api.internal.tasks.execution.ResolveTaskExecutionModeExecuter.execute(ResolveTaskExecutionModeExecuter.java:51)
	at org.gradle.api.internal.tasks.execution.SkipTaskWithNoActionsExecuter.execute(SkipTaskWithNoActionsExecuter.java:57)
	at org.gradle.api.internal.tasks.execution.SkipOnlyIfTaskExecuter.execute(SkipOnlyIfTaskExecuter.java:74)
	at org.gradle.api.internal.tasks.execution.CatchExceptionTaskExecuter.execute(CatchExceptionTaskExecuter.java:36)
	at org.gradle.api.internal.tasks.execution.EventFiringTaskExecuter$1.executeTask(EventFiringTaskExecuter.java:77)
	at org.gradle.api.internal.tasks.execution.EventFiringTaskExecuter$1.call(EventFiringTaskExecuter.java:55)
	at org.gradle.api.internal.tasks.execution.EventFiringTaskExecuter$1.call(EventFiringTaskExecuter.java:52)
	at org.gradle.internal.operations.DefaultBuildOperationRunner$CallableBuildOperationWorker.execute(DefaultBuildOperationRunner.java:209)
	at org.gradle.internal.operations.DefaultBuildOperationRunner$CallableBuildOperationWorker.execute(DefaultBuildOperationRunner.java:204)
	at org.gradle.internal.operations.DefaultBuildOperationRunner$2.execute(DefaultBuildOperationRunner.java:66)
	at org.gradle.internal.operations.DefaultBuildOperationRunner$2.execute(DefaultBuildOperationRunner.java:59)
	at org.gradle.internal.operations.DefaultBuildOperationRunner.execute(DefaultBuildOperationRunner.java:166)
	at org.gradle.internal.operations.DefaultBuildOperationRunner.execute(DefaultBuildOperationRunner.java:59)
	at org.gradle.internal.operations.DefaultBuildOperationRunner.call(DefaultBuildOperationRunner.java:53)
	at org.gradle.api.internal.tasks.execution.EventFiringTaskExecuter.execute(EventFiringTaskExecuter.java:52)
	at org.gradle.execution.plan.LocalTaskNodeExecutor.execute(LocalTaskNodeExecutor.java:42)
	at org.gradle.execution.taskgraph.DefaultTaskExecutionGraph$InvokeNodeExecutorsAction.execute(DefaultTaskExecutionGraph.java:331)
	at org.gradle.execution.taskgraph.DefaultTaskExecutionGraph$InvokeNodeExecutorsAction.execute(DefaultTaskExecutionGraph.java:318)
	at org.gradle.execution.taskgraph.DefaultTaskExecutionGraph$BuildOperationAwareExecutionAction.lambda$execute$0(DefaultTaskExecutionGraph.java:314)
	at org.gradle.internal.operations.CurrentBuildOperationRef.with(CurrentBuildOperationRef.java:85)
	at org.gradle.execution.taskgraph.DefaultTaskExecutionGraph$BuildOperationAwareExecutionAction.execute(DefaultTaskExecutionGraph.java:314)
	at org.gradle.execution.taskgraph.DefaultTaskExecutionGraph$BuildOperationAwareExecutionAction.execute(DefaultTaskExecutionGraph.java:303)
	at org.gradle.execution.plan.DefaultPlanExecutor$ExecutorWorker.execute(DefaultPlanExecutor.java:459)
	at org.gradle.execution.plan.DefaultPlanExecutor$ExecutorWorker.run(DefaultPlanExecutor.java:376)
	at org.gradle.execution.plan.DefaultPlanExecutor.process(DefaultPlanExecutor.java:111)
	at org.gradle.execution.taskgraph.DefaultTaskExecutionGraph.executeWithServices(DefaultTaskExecutionGraph.java:138)
	at org.gradle.execution.taskgraph.DefaultTaskExecutionGraph.execute(DefaultTaskExecutionGraph.java:123)
	at org.gradle.execution.SelectedTaskExecutionAction.execute(SelectedTaskExecutionAction.java:35)
	at org.gradle.execution.DryRunBuildExecutionAction.execute(DryRunBuildExecutionAction.java:51)
	at org.gradle.execution.BuildOperationFiringBuildWorkerExecutor$ExecuteTasks.call(BuildOperationFiringBuildWorkerExecutor.java:54)
	at org.gradle.execution.BuildOperationFiringBuildWorkerExecutor$ExecuteTasks.call(BuildOperationFiringBuildWorkerExecutor.java:43)
	at org.gradle.internal.operations.DefaultBuildOperationRunner$CallableBuildOperationWorker.execute(DefaultBuildOperationRunner.java:209)
	at org.gradle.internal.operations.DefaultBuildOperationRunner$CallableBuildOperationWorker.execute(DefaultBuildOperationRunner.java:204)
	at org.gradle.internal.operations.DefaultBuildOperationRunner$2.execute(DefaultBuildOperationRunner.java:66)
	at org.gradle.internal.operations.DefaultBuildOperationRunner$2.execute(DefaultBuildOperationRunner.java:59)
	at org.gradle.internal.operations.DefaultBuildOperationRunner.execute(DefaultBuildOperationRunner.java:166)
	at org.gradle.internal.operations.DefaultBuildOperationRunner.execute(DefaultBuildOperationRunner.java:59)
	at org.gradle.internal.operations.DefaultBuildOperationRunner.call(DefaultBuildOperationRunner.java:53)
	at org.gradle.execution.BuildOperationFiringBuildWorkerExecutor.execute(BuildOperationFiringBuildWorkerExecutor.java:40)
	at org.gradle.internal.build.DefaultBuildLifecycleController.lambda$executeTasks$10(DefaultBuildLifecycleController.java:313)
	at org.gradle.internal.model.StateTransitionController.doTransition(StateTransitionController.java:266)
	at org.gradle.internal.model.StateTransitionController.lambda$tryTransition$8(StateTransitionController.java:177)
	at org.gradle.internal.work.DefaultSynchronizer.withLock(DefaultSynchronizer.java:46)
	at org.gradle.internal.model.StateTransitionController.tryTransition(StateTransitionController.java:177)
	at org.gradle.internal.build.DefaultBuildLifecycleController.executeTasks(DefaultBuildLifecycleController.java:304)
	at org.gradle.internal.build.DefaultBuildWorkGraphController$DefaultBuildWorkGraph.runWork(DefaultBuildWorkGraphController.java:220)
	at org.gradle.internal.work.DefaultWorkerLeaseService.withLocks(DefaultWorkerLeaseService.java:263)
	at org.gradle.internal.work.DefaultWorkerLeaseService.runAsWorkerThread(DefaultWorkerLeaseService.java:127)
	at org.gradle.composite.internal.DefaultBuildController.doRun(DefaultBuildController.java:181)
	at org.gradle.composite.internal.DefaultBuildController.access$000(DefaultBuildController.java:50)
	at org.gradle.composite.internal.DefaultBuildController$BuildOpRunnable.lambda$run$0(DefaultBuildController.java:198)
	at org.gradle.internal.operations.CurrentBuildOperationRef.with(CurrentBuildOperationRef.java:85)
	at org.gradle.composite.internal.DefaultBuildController$BuildOpRunnable.run(DefaultBuildController.java:198)
	at java.base/java.util.concurrent.Executors$RunnableAdapter.call(Executors.java:572)
	at java.base/java.util.concurrent.FutureTask.run(FutureTask.java:317)
	at org.gradle.internal.concurrent.ExecutorPolicy$CatchAndRecordFailures.onExecute(ExecutorPolicy.java:64)
	at org.gradle.internal.concurrent.AbstractManagedExecutor$1.run(AbstractManagedExecutor.java:48)
	at java.base/java.util.concurrent.ThreadPoolExecutor.runWorker(ThreadPoolExecutor.java:1144)
	at java.base/java.util.concurrent.ThreadPoolExecutor$Worker.run(ThreadPoolExecutor.java:642)
	at java.base/java.lang.Thread.run(Thread.java:1575)
Caused by: org.jetbrains.kotlin.konan.KonanExternalToolFailure: The /usr/bin/xcrun command returned non-zero exit code: 72.
output:

	at org.jetbrains.kotlin.konan.exec.Command.handleExitCode(ExecuteCommand.kt:123)
	at org.jetbrains.kotlin.konan.exec.Command.getResult(ExecuteCommand.kt:112)
	at org.jetbrains.kotlin.konan.exec.Command.getOutputLines(ExecuteCommand.kt:87)
	at org.jetbrains.kotlin.konan.exec.Command.getOutputLines$default(ExecuteCommand.kt:86)
	at org.jetbrains.kotlin.konan.target.CurrentXcode.xcrun(Xcode.kt:131)
	... 205 more


> Task :shared:compileKotlinIosSimulatorArm64 FAILED
e: Compilation failed: An error occurred during an xcrun execution. Make sure that Xcode and its command line tools are properly installed.
Failed command: /usr/bin/xcrun xcodebuild -version
Try running this command in Terminal and fix the errors by making Xcode (and its command line tools) configuration correct.

 * Source files: DailyQuotesDb.kt, DailyQuotesDbQueries.kt, Reflection.kt, ReflectionTag.kt, Tag.kt, DailyQuotesDbImpl.kt, DatabaseDriverFactory.kt, Koin.kt, Models.kt, NotificationManager.kt, QuoteRepository.kt, ReflectionRepository.kt, ShareManager.kt, DatabaseDriverFactory.ios.kt, Koin.ios.kt, NotificationManager.ios.kt, ShareManager.ios.kt
 * Compiler version: 1.9.22
 * Output kind: LIBRARY

e: org.jetbrains.kotlin.konan.MissingXcodeException: An error occurred during an xcrun execution. Make sure that Xcode and its command line tools are properly installed.
Failed command: /usr/bin/xcrun xcodebuild -version
Try running this command in Terminal and fix the errors by making Xcode (and its command line tools) configuration correct.
	at org.jetbrains.kotlin.konan.target.CurrentXcode.xcrun(Xcode.kt:141)
	at org.jetbrains.kotlin.konan.target.CurrentXcode.getXcodebuildVersion$kotlin_native_utils(Xcode.kt:114)
	at org.jetbrains.kotlin.konan.target.CurrentXcode$version$2.invoke(Xcode.kt:126)
	at org.jetbrains.kotlin.konan.target.CurrentXcode$version$2.invoke(Xcode.kt:122)
	at kotlin.SynchronizedLazyImpl.getValue(LazyJVM.kt:74)
	at org.jetbrains.kotlin.konan.target.CurrentXcode.getVersion(Xcode.kt:122)
	at org.jetbrains.kotlin.konan.target.AppleConfigurablesImpl$xcodePartsProvider$2.invoke(Apple.kt:61)
	at org.jetbrains.kotlin.konan.target.AppleConfigurablesImpl$xcodePartsProvider$2.invoke(Apple.kt:53)
	at kotlin.SynchronizedLazyImpl.getValue(LazyJVM.kt:74)
	at org.jetbrains.kotlin.konan.target.AppleConfigurablesImpl.getXcodePartsProvider(Apple.kt:53)
	at org.jetbrains.kotlin.konan.target.AppleConfigurablesImpl.getDependencies(Apple.kt:48)
	at org.jetbrains.kotlin.konan.util.DependencyProcessor.<init>(DependencyProcessor.kt:125)
	at org.jetbrains.kotlin.konan.util.DependencyProcessor.<init>(DependencyProcessor.kt:117)
	at org.jetbrains.kotlin.konan.properties.KonanPropertiesLoader$dependencyProcessor$2.invoke(KonanProperties.kt:93)
	at org.jetbrains.kotlin.konan.properties.KonanPropertiesLoader$dependencyProcessor$2.invoke(KonanProperties.kt:91)
	at kotlin.SynchronizedLazyImpl.getValue(LazyJVM.kt:74)
	at org.jetbrains.kotlin.konan.properties.KonanPropertiesLoader.getDependencyProcessor(KonanProperties.kt:91)
	at org.jetbrains.kotlin.konan.properties.KonanPropertiesLoader.downloadDependencies(KonanProperties.kt:72)
	at org.jetbrains.kotlin.konan.target.Platform.downloadDependencies(Platform.kt)
	at org.jetbrains.kotlin.backend.konan.KonanConfig.<init>(KonanConfig.kt:217)
	at org.jetbrains.kotlin.backend.konan.KonanDriver.run(KonanDriver.kt:90)
	at org.jetbrains.kotlin.cli.bc.K2Native.runKonanDriver(K2Native.kt:151)
	at org.jetbrains.kotlin.cli.bc.K2Native.doExecute(K2Native.kt:69)
	at org.jetbrains.kotlin.cli.bc.K2Native.doExecute(K2Native.kt:36)
	at org.jetbrains.kotlin.cli.common.CLICompiler.execImpl(CLICompiler.kt:104)
	at org.jetbrains.kotlin.cli.common.CLICompiler.execImpl(CLICompiler.kt:48)
	at org.jetbrains.kotlin.cli.common.CLITool.exec(CLITool.kt:101)
	at org.jetbrains.kotlin.cli.common.CLITool.exec(CLITool.kt:79)
	at org.jetbrains.kotlin.cli.common.CLITool.exec(CLITool.kt:43)
	at org.jetbrains.kotlin.cli.common.CLITool$Companion.doMainNoExit(CLITool.kt:180)
	at org.jetbrains.kotlin.cli.bc.K2Native$Companion$mainNoExitWithRenderer$1.invoke(K2Native.kt:188)
	at org.jetbrains.kotlin.cli.bc.K2Native$Companion$mainNoExitWithRenderer$1.invoke(K2Native.kt:187)
	at org.jetbrains.kotlin.util.UtilKt.profileIf(Util.kt:22)
	at org.jetbrains.kotlin.util.UtilKt.profile(Util.kt:16)
	at org.jetbrains.kotlin.cli.bc.K2Native$Companion.mainNoExitWithRenderer(K2Native.kt:187)
	at org.jetbrains.kotlin.cli.bc.K2NativeKt.mainNoExitWithGradleRenderer(K2Native.kt:205)
	at org.jetbrains.kotlin.cli.utilities.MainKt$daemonMain$1.invoke(main.kt:51)
	at org.jetbrains.kotlin.cli.utilities.MainKt$daemonMain$1.invoke(main.kt:51)
	at org.jetbrains.kotlin.cli.utilities.MainKt.mainImpl(main.kt:20)
	at org.jetbrains.kotlin.cli.utilities.MainKt.inProcessMain(main.kt:58)
	at org.jetbrains.kotlin.cli.utilities.MainKt.daemonMain(main.kt:51)
	at java.base/jdk.internal.reflect.DirectMethodHandleAccessor.invoke(DirectMethodHandleAccessor.java:103)
	at java.base/java.lang.reflect.Method.invoke(Method.java:580)
	at org.jetbrains.kotlin.compilerRunner.KotlinToolRunner.runInProcess(KotlinToolRunner.kt:198)
	at org.jetbrains.kotlin.compilerRunner.KotlinToolRunner.run(KotlinToolRunner.kt:135)
	at org.jetbrains.kotlin.compilerRunner.KotlinNativeToolRunner.run(nativeToolRunners.kt:146)
	at org.jetbrains.kotlin.gradle.tasks.KotlinNativeCompile$compile$1.invoke(KotlinNativeTasks.kt:546)
	at org.jetbrains.kotlin.gradle.tasks.KotlinNativeCompile$compile$1.invoke(KotlinNativeTasks.kt:529)
	at org.jetbrains.kotlin.compilerRunner.ReportUtilsKt.addBuildMetricsForTaskAction(reportUtils.kt:276)
	at org.jetbrains.kotlin.gradle.tasks.KotlinNativeCompile.compile(KotlinNativeTasks.kt:529)
	at java.base/jdk.internal.reflect.DirectMethodHandleAccessor.invoke(DirectMethodHandleAccessor.java:103)
	at java.base/java.lang.reflect.Method.invoke(Method.java:580)
	at org.gradle.internal.reflect.JavaMethod.invoke(JavaMethod.java:125)
	at org.gradle.api.internal.project.taskfactory.StandardTaskAction.doExecute(StandardTaskAction.java:58)
	at org.gradle.api.internal.project.taskfactory.StandardTaskAction.execute(StandardTaskAction.java:51)
	at org.gradle.api.internal.project.taskfactory.StandardTaskAction.execute(StandardTaskAction.java:29)
	at org.gradle.api.internal.tasks.execution.TaskExecution$3.run(TaskExecution.java:244)
	at org.gradle.internal.operations.DefaultBuildOperationRunner$1.execute(DefaultBuildOperationRunner.java:29)
	at org.gradle.internal.operations.DefaultBuildOperationRunner$1.execute(DefaultBuildOperationRunner.java:26)
	at org.gradle.internal.operations.DefaultBuildOperationRunner$2.execute(DefaultBuildOperationRunner.java:66)
	at org.gradle.internal.operations.DefaultBuildOperationRunner$2.execute(DefaultBuildOperationRunner.java:59)
	at org.gradle.internal.operations.DefaultBuildOperationRunner.execute(DefaultBuildOperationRunner.java:166)
	at org.gradle.internal.operations.DefaultBuildOperationRunner.execute(DefaultBuildOperationRunner.java:59)
	at org.gradle.internal.operations.DefaultBuildOperationRunner.run(DefaultBuildOperationRunner.java:47)
	at org.gradle.api.internal.tasks.execution.TaskExecution.executeAction(TaskExecution.java:229)
	at org.gradle.api.internal.tasks.execution.TaskExecution.executeActions(TaskExecution.java:212)
	at org.gradle.api.internal.tasks.execution.TaskExecution.executeWithPreviousOutputFiles(TaskExecution.java:195)
	at org.gradle.api.internal.tasks.execution.TaskExecution.execute(TaskExecution.java:162)
	at org.gradle.internal.execution.steps.ExecuteStep.executeInternal(ExecuteStep.java:105)
	at org.gradle.internal.execution.steps.ExecuteStep.access$000(ExecuteStep.java:44)
	at org.gradle.internal.execution.steps.ExecuteStep$1.call(ExecuteStep.java:59)
	at org.gradle.internal.execution.steps.ExecuteStep$1.call(ExecuteStep.java:56)
	at org.gradle.internal.operations.DefaultBuildOperationRunner$CallableBuildOperationWorker.execute(DefaultBuildOperationRunner.java:209)
	at org.gradle.internal.operations.DefaultBuildOperationRunner$CallableBuildOperationWorker.execute(DefaultBuildOperationRunner.java:204)
	at org.gradle.internal.operations.DefaultBuildOperationRunner$2.execute(DefaultBuildOperationRunner.java:66)
	at org.gradle.internal.operations.DefaultBuildOperationRunner$2.execute(DefaultBuildOperationRunner.java:59)
	at org.gradle.internal.operations.DefaultBuildOperationRunner.execute(DefaultBuildOperationRunner.java:166)
	at org.gradle.internal.operations.DefaultBuildOperationRunner.execute(DefaultBuildOperationRunner.java:59)
	at org.gradle.internal.operations.DefaultBuildOperationRunner.call(DefaultBuildOperationRunner.java:53)
	at org.gradle.internal.execution.steps.ExecuteStep.execute(ExecuteStep.java:56)
	at org.gradle.internal.execution.steps.ExecuteStep.execute(ExecuteStep.java:44)
	at org.gradle.internal.execution.steps.CancelExecutionStep.execute(CancelExecutionStep.java:42)
	at org.gradle.internal.execution.steps.TimeoutStep.executeWithoutTimeout(TimeoutStep.java:75)
	at org.gradle.internal.execution.steps.TimeoutStep.execute(TimeoutStep.java:55)
	at org.gradle.internal.execution.steps.PreCreateOutputParentsStep.execute(PreCreateOutputParentsStep.java:50)
	at org.gradle.internal.execution.steps.PreCreateOutputParentsStep.execute(PreCreateOutputParentsStep.java:28)
	at org.gradle.internal.execution.steps.RemovePreviousOutputsStep.execute(RemovePreviousOutputsStep.java:67)
	at org.gradle.internal.execution.steps.RemovePreviousOutputsStep.execute(RemovePreviousOutputsStep.java:37)
	at org.gradle.internal.execution.steps.BroadcastChangingOutputsStep.execute(BroadcastChangingOutputsStep.java:61)
	at org.gradle.internal.execution.steps.BroadcastChangingOutputsStep.execute(BroadcastChangingOutputsStep.java:26)
	at org.gradle.internal.execution.steps.CaptureOutputsAfterExecutionStep.execute(CaptureOutputsAfterExecutionStep.java:69)
	at org.gradle.internal.execution.steps.CaptureOutputsAfterExecutionStep.execute(CaptureOutputsAfterExecutionStep.java:46)
	at org.gradle.internal.execution.steps.ResolveInputChangesStep.execute(ResolveInputChangesStep.java:40)
	at org.gradle.internal.execution.steps.ResolveInputChangesStep.execute(ResolveInputChangesStep.java:29)
	at org.gradle.internal.execution.steps.BuildCacheStep.executeWithoutCache(BuildCacheStep.java:189)
	at org.gradle.internal.execution.steps.BuildCacheStep.lambda$execute$1(BuildCacheStep.java:75)
	at org.gradle.internal.Either$Right.fold(Either.java:175)
	at org.gradle.internal.execution.caching.CachingState.fold(CachingState.java:62)
	at org.gradle.internal.execution.steps.BuildCacheStep.execute(BuildCacheStep.java:73)
	at org.gradle.internal.execution.steps.BuildCacheStep.execute(BuildCacheStep.java:48)
	at org.gradle.internal.execution.steps.StoreExecutionStateStep.execute(StoreExecutionStateStep.java:46)
	at org.gradle.internal.execution.steps.StoreExecutionStateStep.execute(StoreExecutionStateStep.java:35)
	at org.gradle.internal.execution.steps.SkipUpToDateStep.executeBecause(SkipUpToDateStep.java:75)
	at org.gradle.internal.execution.steps.SkipUpToDateStep.lambda$execute$2(SkipUpToDateStep.java:53)
	at java.base/java.util.Optional.orElseGet(Optional.java:364)
	at org.gradle.internal.execution.steps.SkipUpToDateStep.execute(SkipUpToDateStep.java:53)
	at org.gradle.internal.execution.steps.SkipUpToDateStep.execute(SkipUpToDateStep.java:35)
	at org.gradle.internal.execution.steps.legacy.MarkSnapshottingInputsFinishedStep.execute(MarkSnapshottingInputsFinishedStep.java:37)
	at org.gradle.internal.execution.steps.legacy.MarkSnapshottingInputsFinishedStep.execute(MarkSnapshottingInputsFinishedStep.java:27)
	at org.gradle.internal.execution.steps.ResolveIncrementalCachingStateStep.executeDelegate(ResolveIncrementalCachingStateStep.java:49)
	at org.gradle.internal.execution.steps.ResolveIncrementalCachingStateStep.executeDelegate(ResolveIncrementalCachingStateStep.java:27)
	at org.gradle.internal.execution.steps.AbstractResolveCachingStateStep.execute(AbstractResolveCachingStateStep.java:71)
	at org.gradle.internal.execution.steps.AbstractResolveCachingStateStep.execute(AbstractResolveCachingStateStep.java:39)
	at org.gradle.internal.execution.steps.ResolveChangesStep.execute(ResolveChangesStep.java:65)
	at org.gradle.internal.execution.steps.ResolveChangesStep.execute(ResolveChangesStep.java:36)
	at org.gradle.internal.execution.steps.ValidateStep.execute(ValidateStep.java:107)
	at org.gradle.internal.execution.steps.ValidateStep.execute(ValidateStep.java:56)
	at org.gradle.internal.execution.steps.AbstractCaptureStateBeforeExecutionStep.execute(AbstractCaptureStateBeforeExecutionStep.java:64)
	at org.gradle.internal.execution.steps.AbstractCaptureStateBeforeExecutionStep.execute(AbstractCaptureStateBeforeExecutionStep.java:43)
	at org.gradle.internal.execution.steps.AbstractSkipEmptyWorkStep.executeWithNonEmptySources(AbstractSkipEmptyWorkStep.java:125)
	at org.gradle.internal.execution.steps.AbstractSkipEmptyWorkStep.execute(AbstractSkipEmptyWorkStep.java:61)
	at org.gradle.internal.execution.steps.AbstractSkipEmptyWorkStep.execute(AbstractSkipEmptyWorkStep.java:36)
	at org.gradle.internal.execution.steps.legacy.MarkSnapshottingInputsStartedStep.execute(MarkSnapshottingInputsStartedStep.java:38)
	at org.gradle.internal.execution.steps.LoadPreviousExecutionStateStep.execute(LoadPreviousExecutionStateStep.java:36)
	at org.gradle.internal.execution.steps.LoadPreviousExecutionStateStep.execute(LoadPreviousExecutionStateStep.java:23)
	at org.gradle.internal.execution.steps.HandleStaleOutputsStep.execute(HandleStaleOutputsStep.java:75)
	at org.gradle.internal.execution.steps.HandleStaleOutputsStep.execute(HandleStaleOutputsStep.java:41)
	at org.gradle.internal.execution.steps.AssignMutableWorkspaceStep.lambda$execute$0(AssignMutableWorkspaceStep.java:35)
	at org.gradle.api.internal.tasks.execution.TaskExecution$4.withWorkspace(TaskExecution.java:289)
	at org.gradle.internal.execution.steps.AssignMutableWorkspaceStep.execute(AssignMutableWorkspaceStep.java:31)
	at org.gradle.internal.execution.steps.AssignMutableWorkspaceStep.execute(AssignMutableWorkspaceStep.java:22)
	at org.gradle.internal.execution.steps.ChoosePipelineStep.execute(ChoosePipelineStep.java:40)
	at org.gradle.internal.execution.steps.ChoosePipelineStep.execute(ChoosePipelineStep.java:23)
	at org.gradle.internal.execution.steps.ExecuteWorkBuildOperationFiringStep.lambda$execute$2(ExecuteWorkBuildOperationFiringStep.java:67)
	at java.base/java.util.Optional.orElseGet(Optional.java:364)
	at org.gradle.internal.execution.steps.ExecuteWorkBuildOperationFiringStep.execute(ExecuteWorkBuildOperationFiringStep.java:67)
	at org.gradle.internal.execution.steps.ExecuteWorkBuildOperationFiringStep.execute(ExecuteWorkBuildOperationFiringStep.java:39)
	at org.gradle.internal.execution.steps.IdentityCacheStep.execute(IdentityCacheStep.java:46)
	at org.gradle.internal.execution.steps.IdentityCacheStep.execute(IdentityCacheStep.java:34)
	at org.gradle.internal.execution.steps.IdentifyStep.execute(IdentifyStep.java:48)
	at org.gradle.internal.execution.steps.IdentifyStep.execute(IdentifyStep.java:35)
	at org.gradle.internal.execution.impl.DefaultExecutionEngine$1.execute(DefaultExecutionEngine.java:61)
	at org.gradle.api.internal.tasks.execution.ExecuteActionsTaskExecuter.executeIfValid(ExecuteActionsTaskExecuter.java:127)
	at org.gradle.api.internal.tasks.execution.ExecuteActionsTaskExecuter.execute(ExecuteActionsTaskExecuter.java:116)
	at org.gradle.api.internal.tasks.execution.ProblemsTaskPathTrackingTaskExecuter.execute(ProblemsTaskPathTrackingTaskExecuter.java:40)
	at org.gradle.api.internal.tasks.execution.FinalizePropertiesTaskExecuter.execute(FinalizePropertiesTaskExecuter.java:46)
	at org.gradle.api.internal.tasks.execution.ResolveTaskExecutionModeExecuter.execute(ResolveTaskExecutionModeExecuter.java:51)
	at org.gradle.api.internal.tasks.execution.SkipTaskWithNoActionsExecuter.execute(SkipTaskWithNoActionsExecuter.java:57)
	at org.gradle.api.internal.tasks.execution.SkipOnlyIfTaskExecuter.execute(SkipOnlyIfTaskExecuter.java:74)
	at org.gradle.api.internal.tasks.execution.CatchExceptionTaskExecuter.execute(CatchExceptionTaskExecuter.java:36)
	at org.gradle.api.internal.tasks.execution.EventFiringTaskExecuter$1.executeTask(EventFiringTaskExecuter.java:77)
	at org.gradle.api.internal.tasks.execution.EventFiringTaskExecuter$1.call(EventFiringTaskExecuter.java:55)
	at org.gradle.api.internal.tasks.execution.EventFiringTaskExecuter$1.call(EventFiringTaskExecuter.java:52)
	at org.gradle.internal.operations.DefaultBuildOperationRunner$CallableBuildOperationWorker.execute(DefaultBuildOperationRunner.java:209)
	at org.gradle.internal.operations.DefaultBuildOperationRunner$CallableBuildOperationWorker.execute(DefaultBuildOperationRunner.java:204)
	at org.gradle.internal.operations.DefaultBuildOperationRunner$2.execute(DefaultBuildOperationRunner.java:66)
	at org.gradle.internal.operations.DefaultBuildOperationRunner$2.execute(DefaultBuildOperationRunner.java:59)
	at org.gradle.internal.operations.DefaultBuildOperationRunner.execute(DefaultBuildOperationRunner.java:166)
	at org.gradle.internal.operations.DefaultBuildOperationRunner.execute(DefaultBuildOperationRunner.java:59)
	at org.gradle.internal.operations.DefaultBuildOperationRunner.call(DefaultBuildOperationRunner.java:53)
	at org.gradle.api.internal.tasks.execution.EventFiringTaskExecuter.execute(EventFiringTaskExecuter.java:52)
	at org.gradle.execution.plan.LocalTaskNodeExecutor.execute(LocalTaskNodeExecutor.java:42)
	at org.gradle.execution.taskgraph.DefaultTaskExecutionGraph$InvokeNodeExecutorsAction.execute(DefaultTaskExecutionGraph.java:331)
	at org.gradle.execution.taskgraph.DefaultTaskExecutionGraph$InvokeNodeExecutorsAction.execute(DefaultTaskExecutionGraph.java:318)
	at org.gradle.execution.taskgraph.DefaultTaskExecutionGraph$BuildOperationAwareExecutionAction.lambda$execute$0(DefaultTaskExecutionGraph.java:314)
	at org.gradle.internal.operations.CurrentBuildOperationRef.with(CurrentBuildOperationRef.java:85)
	at org.gradle.execution.taskgraph.DefaultTaskExecutionGraph$BuildOperationAwareExecutionAction.execute(DefaultTaskExecutionGraph.java:314)
	at org.gradle.execution.taskgraph.DefaultTaskExecutionGraph$BuildOperationAwareExecutionAction.execute(DefaultTaskExecutionGraph.java:303)
	at org.gradle.execution.plan.DefaultPlanExecutor$ExecutorWorker.execute(DefaultPlanExecutor.java:459)
	at org.gradle.execution.plan.DefaultPlanExecutor$ExecutorWorker.run(DefaultPlanExecutor.java:376)
	at org.gradle.internal.concurrent.ExecutorPolicy$CatchAndRecordFailures.onExecute(ExecutorPolicy.java:64)
	at org.gradle.internal.concurrent.AbstractManagedExecutor$1.run(AbstractManagedExecutor.java:48)
	at java.base/java.util.concurrent.ThreadPoolExecutor.runWorker(ThreadPoolExecutor.java:1144)
	at java.base/java.util.concurrent.ThreadPoolExecutor$Worker.run(ThreadPoolExecutor.java:642)
	at java.base/java.lang.Thread.run(Thread.java:1575)
Caused by: org.jetbrains.kotlin.konan.KonanExternalToolFailure: The /usr/bin/xcrun command returned non-zero exit code: 72.
output:

	at org.jetbrains.kotlin.konan.exec.Command.handleExitCode(ExecuteCommand.kt:123)
	at org.jetbrains.kotlin.konan.exec.Command.getResult(ExecuteCommand.kt:112)
	at org.jetbrains.kotlin.konan.exec.Command.getOutputLines(ExecuteCommand.kt:87)
	at org.jetbrains.kotlin.konan.exec.Command.getOutputLines$default(ExecuteCommand.kt:86)
	at org.jetbrains.kotlin.konan.target.CurrentXcode.xcrun(Xcode.kt:131)
	... 174 more


> Task :shared:compileKotlinIosX64 FAILED
e: Compilation failed: An error occurred during an xcrun execution. Make sure that Xcode and its command line tools are properly installed.
Failed command: /usr/bin/xcrun xcodebuild -version
Try running this command in Terminal and fix the errors by making Xcode (and its command line tools) configuration correct.

 * Source files: DailyQuotesDb.kt, DailyQuotesDbQueries.kt, Reflection.kt, ReflectionTag.kt, Tag.kt, DailyQuotesDbImpl.kt, DatabaseDriverFactory.kt, Koin.kt, Models.kt, NotificationManager.kt, QuoteRepository.kt, ReflectionRepository.kt, ShareManager.kt, DatabaseDriverFactory.ios.kt, Koin.ios.kt, NotificationManager.ios.kt, ShareManager.ios.kt
 * Compiler version: 1.9.22
 * Output kind: LIBRARY

e: org.jetbrains.kotlin.konan.MissingXcodeException: An error occurred during an xcrun execution. Make sure that Xcode and its command line tools are properly installed.
Failed command: /usr/bin/xcrun xcodebuild -version
Try running this command in Terminal and fix the errors by making Xcode (and its command line tools) configuration correct.
	at org.jetbrains.kotlin.konan.target.CurrentXcode.xcrun(Xcode.kt:141)
	at org.jetbrains.kotlin.konan.target.CurrentXcode.getXcodebuildVersion$kotlin_native_utils(Xcode.kt:114)
	at org.jetbrains.kotlin.konan.target.CurrentXcode$version$2.invoke(Xcode.kt:126)
	at org.jetbrains.kotlin.konan.target.CurrentXcode$version$2.invoke(Xcode.kt:122)
	at kotlin.SynchronizedLazyImpl.getValue(LazyJVM.kt:74)
	at org.jetbrains.kotlin.konan.target.CurrentXcode.getVersion(Xcode.kt:122)
	at org.jetbrains.kotlin.konan.target.AppleConfigurablesImpl$xcodePartsProvider$2.invoke(Apple.kt:61)
	at org.jetbrains.kotlin.konan.target.AppleConfigurablesImpl$xcodePartsProvider$2.invoke(Apple.kt:53)
	at kotlin.SynchronizedLazyImpl.getValue(LazyJVM.kt:74)
	at org.jetbrains.kotlin.konan.target.AppleConfigurablesImpl.getXcodePartsProvider(Apple.kt:53)
	at org.jetbrains.kotlin.konan.target.AppleConfigurablesImpl.getDependencies(Apple.kt:48)
	at org.jetbrains.kotlin.konan.util.DependencyProcessor.<init>(DependencyProcessor.kt:125)
	at org.jetbrains.kotlin.konan.util.DependencyProcessor.<init>(DependencyProcessor.kt:117)
	at org.jetbrains.kotlin.konan.properties.KonanPropertiesLoader$dependencyProcessor$2.invoke(KonanProperties.kt:93)
	at org.jetbrains.kotlin.konan.properties.KonanPropertiesLoader$dependencyProcessor$2.invoke(KonanProperties.kt:91)
	at kotlin.SynchronizedLazyImpl.getValue(LazyJVM.kt:74)
	at org.jetbrains.kotlin.konan.properties.KonanPropertiesLoader.getDependencyProcessor(KonanProperties.kt:91)
	at org.jetbrains.kotlin.konan.properties.KonanPropertiesLoader.downloadDependencies(KonanProperties.kt:72)
	at org.jetbrains.kotlin.konan.target.Platform.downloadDependencies(Platform.kt)
	at org.jetbrains.kotlin.backend.konan.KonanConfig.<init>(KonanConfig.kt:217)
	at org.jetbrains.kotlin.backend.konan.KonanDriver.run(KonanDriver.kt:90)
	at org.jetbrains.kotlin.cli.bc.K2Native.runKonanDriver(K2Native.kt:151)
	at org.jetbrains.kotlin.cli.bc.K2Native.doExecute(K2Native.kt:69)
	at org.jetbrains.kotlin.cli.bc.K2Native.doExecute(K2Native.kt:36)
	at org.jetbrains.kotlin.cli.common.CLICompiler.execImpl(CLICompiler.kt:104)
	at org.jetbrains.kotlin.cli.common.CLICompiler.execImpl(CLICompiler.kt:48)
	at org.jetbrains.kotlin.cli.common.CLITool.exec(CLITool.kt:101)
	at org.jetbrains.kotlin.cli.common.CLITool.exec(CLITool.kt:79)
	at org.jetbrains.kotlin.cli.common.CLITool.exec(CLITool.kt:43)
	at org.jetbrains.kotlin.cli.common.CLITool$Companion.doMainNoExit(CLITool.kt:180)
	at org.jetbrains.kotlin.cli.bc.K2Native$Companion$mainNoExitWithRenderer$1.invoke(K2Native.kt:188)
	at org.jetbrains.kotlin.cli.bc.K2Native$Companion$mainNoExitWithRenderer$1.invoke(K2Native.kt:187)
	at org.jetbrains.kotlin.util.UtilKt.profileIf(Util.kt:22)
	at org.jetbrains.kotlin.util.UtilKt.profile(Util.kt:16)
	at org.jetbrains.kotlin.cli.bc.K2Native$Companion.mainNoExitWithRenderer(K2Native.kt:187)
	at org.jetbrains.kotlin.cli.bc.K2NativeKt.mainNoExitWithGradleRenderer(K2Native.kt:205)
	at org.jetbrains.kotlin.cli.utilities.MainKt$daemonMain$1.invoke(main.kt:51)
	at org.jetbrains.kotlin.cli.utilities.MainKt$daemonMain$1.invoke(main.kt:51)
	at org.jetbrains.kotlin.cli.utilities.MainKt.mainImpl(main.kt:20)
	at org.jetbrains.kotlin.cli.utilities.MainKt.inProcessMain(main.kt:58)
	at org.jetbrains.kotlin.cli.utilities.MainKt.daemonMain(main.kt:51)
	at java.base/jdk.internal.reflect.DirectMethodHandleAccessor.invoke(DirectMethodHandleAccessor.java:103)
	at java.base/java.lang.reflect.Method.invoke(Method.java:580)
	at org.jetbrains.kotlin.compilerRunner.KotlinToolRunner.runInProcess(KotlinToolRunner.kt:198)
	at org.jetbrains.kotlin.compilerRunner.KotlinToolRunner.run(KotlinToolRunner.kt:135)
	at org.jetbrains.kotlin.compilerRunner.KotlinNativeToolRunner.run(nativeToolRunners.kt:146)
	at org.jetbrains.kotlin.gradle.tasks.KotlinNativeCompile$compile$1.invoke(KotlinNativeTasks.kt:546)
	at org.jetbrains.kotlin.gradle.tasks.KotlinNativeCompile$compile$1.invoke(KotlinNativeTasks.kt:529)
	at org.jetbrains.kotlin.compilerRunner.ReportUtilsKt.addBuildMetricsForTaskAction(reportUtils.kt:276)
	at org.jetbrains.kotlin.gradle.tasks.KotlinNativeCompile.compile(KotlinNativeTasks.kt:529)
	at java.base/jdk.internal.reflect.DirectMethodHandleAccessor.invoke(DirectMethodHandleAccessor.java:103)
	at java.base/java.lang.reflect.Method.invoke(Method.java:580)
	at org.gradle.internal.reflect.JavaMethod.invoke(JavaMethod.java:125)
	at org.gradle.api.internal.project.taskfactory.StandardTaskAction.doExecute(StandardTaskAction.java:58)
	at org.gradle.api.internal.project.taskfactory.StandardTaskAction.execute(StandardTaskAction.java:51)
	at org.gradle.api.internal.project.taskfactory.StandardTaskAction.execute(StandardTaskAction.java:29)
	at org.gradle.api.internal.tasks.execution.TaskExecution$3.run(TaskExecution.java:244)
	at org.gradle.internal.operations.DefaultBuildOperationRunner$1.execute(DefaultBuildOperationRunner.java:29)
	at org.gradle.internal.operations.DefaultBuildOperationRunner$1.execute(DefaultBuildOperationRunner.java:26)
	at org.gradle.internal.operations.DefaultBuildOperationRunner$2.execute(DefaultBuildOperationRunner.java:66)
	at org.gradle.internal.operations.DefaultBuildOperationRunner$2.execute(DefaultBuildOperationRunner.java:59)
	at org.gradle.internal.operations.DefaultBuildOperationRunner.execute(DefaultBuildOperationRunner.java:166)
	at org.gradle.internal.operations.DefaultBuildOperationRunner.execute(DefaultBuildOperationRunner.java:59)
	at org.gradle.internal.operations.DefaultBuildOperationRunner.run(DefaultBuildOperationRunner.java:47)
	at org.gradle.api.internal.tasks.execution.TaskExecution.executeAction(TaskExecution.java:229)
	at org.gradle.api.internal.tasks.execution.TaskExecution.executeActions(TaskExecution.java:212)
	at org.gradle.api.internal.tasks.execution.TaskExecution.executeWithPreviousOutputFiles(TaskExecution.java:195)
	at org.gradle.api.internal.tasks.execution.TaskExecution.execute(TaskExecution.java:162)
	at org.gradle.internal.execution.steps.ExecuteStep.executeInternal(ExecuteStep.java:105)
	at org.gradle.internal.execution.steps.ExecuteStep.access$000(ExecuteStep.java:44)
	at org.gradle.internal.execution.steps.ExecuteStep$1.call(ExecuteStep.java:59)
	at org.gradle.internal.execution.steps.ExecuteStep$1.call(ExecuteStep.java:56)
	at org.gradle.internal.operations.DefaultBuildOperationRunner$CallableBuildOperationWorker.execute(DefaultBuildOperationRunner.java:209)
	at org.gradle.internal.operations.DefaultBuildOperationRunner$CallableBuildOperationWorker.execute(DefaultBuildOperationRunner.java:204)
	at org.gradle.internal.operations.DefaultBuildOperationRunner$2.execute(DefaultBuildOperationRunner.java:66)
	at org.gradle.internal.operations.DefaultBuildOperationRunner$2.execute(DefaultBuildOperationRunner.java:59)
	at org.gradle.internal.operations.DefaultBuildOperationRunner.execute(DefaultBuildOperationRunner.java:166)
	at org.gradle.internal.operations.DefaultBuildOperationRunner.execute(DefaultBuildOperationRunner.java:59)
	at org.gradle.internal.operations.DefaultBuildOperationRunner.call(DefaultBuildOperationRunner.java:53)
	at org.gradle.internal.execution.steps.ExecuteStep.execute(ExecuteStep.java:56)
	at org.gradle.internal.execution.steps.ExecuteStep.execute(ExecuteStep.java:44)
	at org.gradle.internal.execution.steps.CancelExecutionStep.execute(CancelExecutionStep.java:42)
	at org.gradle.internal.execution.steps.TimeoutStep.executeWithoutTimeout(TimeoutStep.java:75)
	at org.gradle.internal.execution.steps.TimeoutStep.execute(TimeoutStep.java:55)
	at org.gradle.internal.execution.steps.PreCreateOutputParentsStep.execute(PreCreateOutputParentsStep.java:50)
	at org.gradle.internal.execution.steps.PreCreateOutputParentsStep.execute(PreCreateOutputParentsStep.java:28)
	at org.gradle.internal.execution.steps.RemovePreviousOutputsStep.execute(RemovePreviousOutputsStep.java:67)
	at org.gradle.internal.execution.steps.RemovePreviousOutputsStep.execute(RemovePreviousOutputsStep.java:37)
	at org.gradle.internal.execution.steps.BroadcastChangingOutputsStep.execute(BroadcastChangingOutputsStep.java:61)
	at org.gradle.internal.execution.steps.BroadcastChangingOutputsStep.execute(BroadcastChangingOutputsStep.java:26)
	at org.gradle.internal.execution.steps.CaptureOutputsAfterExecutionStep.execute(CaptureOutputsAfterExecutionStep.java:69)
	at org.gradle.internal.execution.steps.CaptureOutputsAfterExecutionStep.execute(CaptureOutputsAfterExecutionStep.java:46)
	at org.gradle.internal.execution.steps.ResolveInputChangesStep.execute(ResolveInputChangesStep.java:40)
	at org.gradle.internal.execution.steps.ResolveInputChangesStep.execute(ResolveInputChangesStep.java:29)
	at org.gradle.internal.execution.steps.BuildCacheStep.executeWithoutCache(BuildCacheStep.java:189)
	at org.gradle.internal.execution.steps.BuildCacheStep.lambda$execute$1(BuildCacheStep.java:75)
	at org.gradle.internal.Either$Right.fold(Either.java:175)
	at org.gradle.internal.execution.caching.CachingState.fold(CachingState.java:62)
	at org.gradle.internal.execution.steps.BuildCacheStep.execute(BuildCacheStep.java:73)
	at org.gradle.internal.execution.steps.BuildCacheStep.execute(BuildCacheStep.java:48)
	at org.gradle.internal.execution.steps.StoreExecutionStateStep.execute(StoreExecutionStateStep.java:46)
	at org.gradle.internal.execution.steps.StoreExecutionStateStep.execute(StoreExecutionStateStep.java:35)
	at org.gradle.internal.execution.steps.SkipUpToDateStep.executeBecause(SkipUpToDateStep.java:75)
	at org.gradle.internal.execution.steps.SkipUpToDateStep.lambda$execute$2(SkipUpToDateStep.java:53)
	at java.base/java.util.Optional.orElseGet(Optional.java:364)
	at org.gradle.internal.execution.steps.SkipUpToDateStep.execute(SkipUpToDateStep.java:53)
	at org.gradle.internal.execution.steps.SkipUpToDateStep.execute(SkipUpToDateStep.java:35)
	at org.gradle.internal.execution.steps.legacy.MarkSnapshottingInputsFinishedStep.execute(MarkSnapshottingInputsFinishedStep.java:37)
	at org.gradle.internal.execution.steps.legacy.MarkSnapshottingInputsFinishedStep.execute(MarkSnapshottingInputsFinishedStep.java:27)
	at org.gradle.internal.execution.steps.ResolveIncrementalCachingStateStep.executeDelegate(ResolveIncrementalCachingStateStep.java:49)
	at org.gradle.internal.execution.steps.ResolveIncrementalCachingStateStep.executeDelegate(ResolveIncrementalCachingStateStep.java:27)
	at org.gradle.internal.execution.steps.AbstractResolveCachingStateStep.execute(AbstractResolveCachingStateStep.java:71)
	at org.gradle.internal.execution.steps.AbstractResolveCachingStateStep.execute(AbstractResolveCachingStateStep.java:39)
	at org.gradle.internal.execution.steps.ResolveChangesStep.execute(ResolveChangesStep.java:65)
	at org.gradle.internal.execution.steps.ResolveChangesStep.execute(ResolveChangesStep.java:36)
	at org.gradle.internal.execution.steps.ValidateStep.execute(ValidateStep.java:107)
	at org.gradle.internal.execution.steps.ValidateStep.execute(ValidateStep.java:56)
	at org.gradle.internal.execution.steps.AbstractCaptureStateBeforeExecutionStep.execute(AbstractCaptureStateBeforeExecutionStep.java:64)
	at org.gradle.internal.execution.steps.AbstractCaptureStateBeforeExecutionStep.execute(AbstractCaptureStateBeforeExecutionStep.java:43)
	at org.gradle.internal.execution.steps.AbstractSkipEmptyWorkStep.executeWithNonEmptySources(AbstractSkipEmptyWorkStep.java:125)
	at org.gradle.internal.execution.steps.AbstractSkipEmptyWorkStep.execute(AbstractSkipEmptyWorkStep.java:61)
	at org.gradle.internal.execution.steps.AbstractSkipEmptyWorkStep.execute(AbstractSkipEmptyWorkStep.java:36)
	at org.gradle.internal.execution.steps.legacy.MarkSnapshottingInputsStartedStep.execute(MarkSnapshottingInputsStartedStep.java:38)
	at org.gradle.internal.execution.steps.LoadPreviousExecutionStateStep.execute(LoadPreviousExecutionStateStep.java:36)
	at org.gradle.internal.execution.steps.LoadPreviousExecutionStateStep.execute(LoadPreviousExecutionStateStep.java:23)
	at org.gradle.internal.execution.steps.HandleStaleOutputsStep.execute(HandleStaleOutputsStep.java:75)
	at org.gradle.internal.execution.steps.HandleStaleOutputsStep.execute(HandleStaleOutputsStep.java:41)
	at org.gradle.internal.execution.steps.AssignMutableWorkspaceStep.lambda$execute$0(AssignMutableWorkspaceStep.java:35)
	at org.gradle.api.internal.tasks.execution.TaskExecution$4.withWorkspace(TaskExecution.java:289)
	at org.gradle.internal.execution.steps.AssignMutableWorkspaceStep.execute(AssignMutableWorkspaceStep.java:31)
	at org.gradle.internal.execution.steps.AssignMutableWorkspaceStep.execute(AssignMutableWorkspaceStep.java:22)
	at org.gradle.internal.execution.steps.ChoosePipelineStep.execute(ChoosePipelineStep.java:40)
	at org.gradle.internal.execution.steps.ChoosePipelineStep.execute(ChoosePipelineStep.java:23)
	at org.gradle.internal.execution.steps.ExecuteWorkBuildOperationFiringStep.lambda$execute$2(ExecuteWorkBuildOperationFiringStep.java:67)
	at java.base/java.util.Optional.orElseGet(Optional.java:364)
	at org.gradle.internal.execution.steps.ExecuteWorkBuildOperationFiringStep.execute(ExecuteWorkBuildOperationFiringStep.java:67)
	at org.gradle.internal.execution.steps.ExecuteWorkBuildOperationFiringStep.execute(ExecuteWorkBuildOperationFiringStep.java:39)
	at org.gradle.internal.execution.steps.IdentityCacheStep.execute(IdentityCacheStep.java:46)
	at org.gradle.internal.execution.steps.IdentityCacheStep.execute(IdentityCacheStep.java:34)
	at org.gradle.internal.execution.steps.IdentifyStep.execute(IdentifyStep.java:48)
	at org.gradle.internal.execution.steps.IdentifyStep.execute(IdentifyStep.java:35)
	at org.gradle.internal.execution.impl.DefaultExecutionEngine$1.execute(DefaultExecutionEngine.java:61)
	at org.gradle.api.internal.tasks.execution.ExecuteActionsTaskExecuter.executeIfValid(ExecuteActionsTaskExecuter.java:127)
	at org.gradle.api.internal.tasks.execution.ExecuteActionsTaskExecuter.execute(ExecuteActionsTaskExecuter.java:116)
	at org.gradle.api.internal.tasks.execution.ProblemsTaskPathTrackingTaskExecuter.execute(ProblemsTaskPathTrackingTaskExecuter.java:40)
	at org.gradle.api.internal.tasks.execution.FinalizePropertiesTaskExecuter.execute(FinalizePropertiesTaskExecuter.java:46)
	at org.gradle.api.internal.tasks.execution.ResolveTaskExecutionModeExecuter.execute(ResolveTaskExecutionModeExecuter.java:51)
	at org.gradle.api.internal.tasks.execution.SkipTaskWithNoActionsExecuter.execute(SkipTaskWithNoActionsExecuter.java:57)
	at org.gradle.api.internal.tasks.execution.SkipOnlyIfTaskExecuter.execute(SkipOnlyIfTaskExecuter.java:74)
	at org.gradle.api.internal.tasks.execution.CatchExceptionTaskExecuter.execute(CatchExceptionTaskExecuter.java:36)
	at org.gradle.api.internal.tasks.execution.EventFiringTaskExecuter$1.executeTask(EventFiringTaskExecuter.java:77)
	at org.gradle.api.internal.tasks.execution.EventFiringTaskExecuter$1.call(EventFiringTaskExecuter.java:55)
	at org.gradle.api.internal.tasks.execution.EventFiringTaskExecuter$1.call(EventFiringTaskExecuter.java:52)
	at org.gradle.internal.operations.DefaultBuildOperationRunner$CallableBuildOperationWorker.execute(DefaultBuildOperationRunner.java:209)
	at org.gradle.internal.operations.DefaultBuildOperationRunner$CallableBuildOperationWorker.execute(DefaultBuildOperationRunner.java:204)
	at org.gradle.internal.operations.DefaultBuildOperationRunner$2.execute(DefaultBuildOperationRunner.java:66)
	at org.gradle.internal.operations.DefaultBuildOperationRunner$2.execute(DefaultBuildOperationRunner.java:59)
	at org.gradle.internal.operations.DefaultBuildOperationRunner.execute(DefaultBuildOperationRunner.java:166)
	at org.gradle.internal.operations.DefaultBuildOperationRunner.execute(DefaultBuildOperationRunner.java:59)
	at org.gradle.internal.operations.DefaultBuildOperationRunner.call(DefaultBuildOperationRunner.java:53)
	at org.gradle.api.internal.tasks.execution.EventFiringTaskExecuter.execute(EventFiringTaskExecuter.java:52)
	at org.gradle.execution.plan.LocalTaskNodeExecutor.execute(LocalTaskNodeExecutor.java:42)
	at org.gradle.execution.taskgraph.DefaultTaskExecutionGraph$InvokeNodeExecutorsAction.execute(DefaultTaskExecutionGraph.java:331)
	at org.gradle.execution.taskgraph.DefaultTaskExecutionGraph$InvokeNodeExecutorsAction.execute(DefaultTaskExecutionGraph.java:318)
	at org.gradle.execution.taskgraph.DefaultTaskExecutionGraph$BuildOperationAwareExecutionAction.lambda$execute$0(DefaultTaskExecutionGraph.java:314)
	at org.gradle.internal.operations.CurrentBuildOperationRef.with(CurrentBuildOperationRef.java:85)
	at org.gradle.execution.taskgraph.DefaultTaskExecutionGraph$BuildOperationAwareExecutionAction.execute(DefaultTaskExecutionGraph.java:314)
	at org.gradle.execution.taskgraph.DefaultTaskExecutionGraph$BuildOperationAwareExecutionAction.execute(DefaultTaskExecutionGraph.java:303)
	at org.gradle.execution.plan.DefaultPlanExecutor$ExecutorWorker.execute(DefaultPlanExecutor.java:459)
	at org.gradle.execution.plan.DefaultPlanExecutor$ExecutorWorker.run(DefaultPlanExecutor.java:376)
	at org.gradle.internal.concurrent.ExecutorPolicy$CatchAndRecordFailures.onExecute(ExecutorPolicy.java:64)
	at org.gradle.internal.concurrent.AbstractManagedExecutor$1.run(AbstractManagedExecutor.java:48)
	at java.base/java.util.concurrent.ThreadPoolExecutor.runWorker(ThreadPoolExecutor.java:1144)
	at java.base/java.util.concurrent.ThreadPoolExecutor$Worker.run(ThreadPoolExecutor.java:642)
	at java.base/java.lang.Thread.run(Thread.java:1575)
Caused by: org.jetbrains.kotlin.konan.KonanExternalToolFailure: The /usr/bin/xcrun command returned non-zero exit code: 72.
output:

	at org.jetbrains.kotlin.konan.exec.Command.handleExitCode(ExecuteCommand.kt:123)
	at org.jetbrains.kotlin.konan.exec.Command.getResult(ExecuteCommand.kt:112)
	at org.jetbrains.kotlin.konan.exec.Command.getOutputLines(ExecuteCommand.kt:87)
	at org.jetbrains.kotlin.konan.exec.Command.getOutputLines$default(ExecuteCommand.kt:86)
	at org.jetbrains.kotlin.konan.target.CurrentXcode.xcrun(Xcode.kt:131)
	... 174 more


> Task :shared:compileCommonMainKotlinMetadata FAILED
e: file:///Users/manoj.krishnan/StudioProjects/Personal/daily-quotes/shared/src/commonMain/kotlin/com/dailyquotes/shared/ReflectionRepository.kt:7:30 Unresolved reference: DailyQuotesDbQueries
e: file:///Users/manoj.krishnan/StudioProjects/Personal/daily-quotes/shared/src/commonMain/kotlin/com/dailyquotes/shared/ReflectionRepository.kt:29:66 Cannot infer a type for this parameter. Please specify it explicitly.
e: file:///Users/manoj.krishnan/StudioProjects/Personal/daily-quotes/shared/src/commonMain/kotlin/com/dailyquotes/shared/ReflectionRepository.kt:30:81 Unresolved reference: it
e: file:///Users/manoj.krishnan/StudioProjects/Personal/daily-quotes/shared/src/commonMain/kotlin/com/dailyquotes/shared/ReflectionRepository.kt:36:59 Unresolved reference: it

> Task :shared:compileReleaseKotlinAndroid FAILED
e: file:///Users/manoj.krishnan/StudioProjects/Personal/daily-quotes/shared/src/commonMain/kotlin/com/dailyquotes/shared/ReflectionRepository.kt:7:30 Unresolved reference: DailyQuotesDbQueries
e: file:///Users/manoj.krishnan/StudioProjects/Personal/daily-quotes/shared/src/commonMain/kotlin/com/dailyquotes/shared/ReflectionRepository.kt:29:66 Cannot infer a type for this parameter. Please specify it explicitly.
e: file:///Users/manoj.krishnan/StudioProjects/Personal/daily-quotes/shared/src/commonMain/kotlin/com/dailyquotes/shared/ReflectionRepository.kt:30:81 Unresolved reference: it
e: file:///Users/manoj.krishnan/StudioProjects/Personal/daily-quotes/shared/src/commonMain/kotlin/com/dailyquotes/shared/ReflectionRepository.kt:36:59 Unresolved reference: it

> Task :shared:compileDebugKotlinAndroid FAILED
e: file:///Users/manoj.krishnan/StudioProjects/Personal/daily-quotes/shared/src/commonMain/kotlin/com/dailyquotes/shared/ReflectionRepository.kt:7:30 Unresolved reference: DailyQuotesDbQueries
e: file:///Users/manoj.krishnan/StudioProjects/Personal/daily-quotes/shared/src/commonMain/kotlin/com/dailyquotes/shared/ReflectionRepository.kt:29:66 Cannot infer a type for this parameter. Please specify it explicitly.
e: file:///Users/manoj.krishnan/StudioProjects/Personal/daily-quotes/shared/src/commonMain/kotlin/com/dailyquotes/shared/ReflectionRepository.kt:30:81 Unresolved reference: it
e: file:///Users/manoj.krishnan/StudioProjects/Personal/daily-quotes/shared/src/commonMain/kotlin/com/dailyquotes/shared/ReflectionRepository.kt:36:59 Unresolved reference: it

FAILURE: Build completed with 7 failures.

1: Task failed with an exception.
-----------
* What went wrong:
Execution failed for task ':xcodeVersion'.
> org.jetbrains.kotlin.konan.MissingXcodeException: An error occurred during an xcrun execution. Make sure that Xcode and its command line tools are properly installed.
  Failed command: /usr/bin/xcrun xcodebuild -version
  Try running this command in Terminal and fix the errors by making Xcode (and its command line tools) configuration correct.

* Try:
> Run with --stacktrace option to get the stack trace.
> Run with --info or --debug option to get more log output.
> Run with --scan to get full insights.
> Get more help at https://help.gradle.org.
==============================================================================

2: Task failed with an exception.
-----------
* What went wrong:
Execution failed for task ':shared:compileKotlinIosArm64'.
> Compilation finished with errors

* Try:
> Run with --stacktrace option to get the stack trace.
> Run with --info or --debug option to get more log output.
> Run with --scan to get full insights.
> Get more help at https://help.gradle.org.
==============================================================================

3: Task failed with an exception.
-----------
* What went wrong:
Execution failed for task ':shared:compileKotlinIosSimulatorArm64'.
> Compilation finished with errors

* Try:
> Run with --stacktrace option to get the stack trace.
> Run with --info or --debug option to get more log output.
> Run with --scan to get full insights.
> Get more help at https://help.gradle.org.
==============================================================================

4: Task failed with an exception.
-----------
* What went wrong:
Execution failed for task ':shared:compileKotlinIosX64'.
> Compilation finished with errors

* Try:
> Run with --stacktrace option to get the stack trace.
> Run with --info or --debug option to get more log output.
> Run with --scan to get full insights.
> Get more help at https://help.gradle.org.
==============================================================================

5: Task failed with an exception.
-----------
* What went wrong:
Execution failed for task ':shared:compileCommonMainKotlinMetadata'.
> A failure occurred while executing org.jetbrains.kotlin.compilerRunner.GradleCompilerRunnerWithWorkers$GradleKotlinCompilerWorkAction
   > Compilation error. See log for more details

* Try:
> Run with --stacktrace option to get the stack trace.
> Run with --info or --debug option to get more log output.
> Run with --scan to get full insights.
> Get more help at https://help.gradle.org.
==============================================================================

6: Task failed with an exception.
-----------
* What went wrong:
Execution failed for task ':shared:compileReleaseKotlinAndroid'.
> A failure occurred while executing org.jetbrains.kotlin.compilerRunner.GradleCompilerRunnerWithWorkers$GradleKotlinCompilerWorkAction
   > Compilation error. See log for more details

* Try:
> Run with --stacktrace option to get the stack trace.
> Run with --info or --debug option to get more log output.
> Run with --scan to get full insights.
> Get more help at https://help.gradle.org.
==============================================================================

7: Task failed with an exception.
-----------
* What went wrong:
Execution failed for task ':shared:compileDebugKotlinAndroid'.
> A failure occurred while executing org.jetbrains.kotlin.compilerRunner.GradleCompilerRunnerWithWorkers$GradleKotlinCompilerWorkAction
   > Compilation error. See log for more details

* Try:
> Run with --stacktrace option to get the stack trace.
> Run with --info or --debug option to get more log output.
> Run with --scan to get full insights.
> Get more help at https://help.gradle.org.
==============================================================================

BUILD FAILED in 1s
45 actionable tasks: 8 executed, 37 up-to-date
Configuration cache entry reused.
